2026-02-19 16:56:56,697 - services.redis_service - INFO - Conectado a Redis en localhost:6379
2026-02-19 16:56:56,697 - __main__ - INFO - Worker inicializado: worker-0caac6
2026-02-19 16:56:56,697 - __main__ - INFO - Configurando Redis Streams...
2026-02-19 16:56:56,697 - services.redis_service - INFO - Grupo 'python-workers' ya existe para stream 'video-jobs'
2026-02-19 16:56:56,698 - __main__ - INFO - Configuración completada
2026-02-19 16:56:56,698 - __main__ - INFO - 👷 worker-0caac6 esperando trabajos...
2026-02-19 16:56:56,698 - __main__ - INFO - 📡 Stream: video-jobs
2026-02-19 16:56:56,698 - __main__ - INFO - 👥 Grupo: python-workers
2026-02-19 16:56:56,698 - __main__ - INFO - 
2026-02-19 16:57:31,658 - __main__ - INFO - Mensaje recibido - Job ID: 8
2026-02-19 16:57:31,660 - services.lock_service - INFO - Lock adquirido para job: 8
2026-02-19 16:57:31,661 - services.lock_service - INFO - Estado actualizado para job 8: processing
2026-02-19 16:57:31,661 - services.lock_service - INFO - Heartbeat iniciado para job: 8
2026-02-19 16:57:31,661 - services.processor_service - INFO - Iniciando procesamiento de job: 8
2026-02-19 16:57:31,661 - services.processor_service - INFO - Video path: E:\uploads\videos\b38d7877-ad70-4b46-910d-c55c80e57ddb_El-caso-de-Jeffrey-Epstein-explicado.mp4
2026-02-19 16:57:31,664 - services.lock_service - INFO - Lock liberado para job: 8
2026-02-19 16:57:31,664 - __main__ - ERROR - Error procesando mensaje 1771541851657-0: 'InstructionsVideo' object has no attribute 'is_automatic'
Traceback (most recent call last):
  File "E:\NoCountry\S02-26-Equipo-20-Web-App-Development\microservice-video\src\worker.py", line 135, in handle_entry
    success, result = process_video(job)
                      ~~~~~~~~~~~~~^^^^^
  File "E:\NoCountry\S02-26-Equipo-20-Web-App-Development\microservice-video\src\services\processor_service.py", line 41, in process_video
    logger.info(f"   - Automático: {job.instructions_video.is_automatic}")
                                    ^^^^^^^^^^^^^^^^^^^^^^^^^^^^^^^^^^^
  File "E:\NoCountry\S02-26-Equipo-20-Web-App-Development\microservice-video\.venv\Lib\site-packages\pydantic\main.py", line 1026, in __getattr__
    raise AttributeError(f'{type(self).__name__!r} object has no attribute {item!r}')
AttributeError: 'InstructionsVideo' object has no attribute 'is_automatic'
2026-02-19 16:58:01,667 - services.lock_service - WARNING - Lock perdido para job: 8
2026-02-19 16:58:01,667 - services.lock_service - ERROR - Heartbeat detenido - lock perdido para job: 8
2026-02-19 16:58:06,834 - services.redis_service - ERROR - Error leyendo stream: VideoWorker.signal_handler() takes 2 positional arguments but 3 were given
2026-02-19 16:58:41,415 - services.redis_service - INFO - Conectado a Redis en localhost:6379
2026-02-19 16:58:41,416 - __main__ - INFO - Worker inicializado: worker-a263d2
2026-02-19 16:58:41,416 - __main__ - INFO - Configurando Redis Streams...
2026-02-19 16:58:41,416 - services.redis_service - INFO - Grupo 'python-workers' ya existe para stream 'video-jobs'
2026-02-19 16:58:41,416 - __main__ - INFO - Configuración completada
2026-02-19 16:58:41,416 - __main__ - INFO - 👷 worker-a263d2 esperando trabajos...
2026-02-19 16:58:41,416 - __main__ - INFO - 📡 Stream: video-jobs
2026-02-19 16:58:41,416 - __main__ - INFO - 👥 Grupo: python-workers
2026-02-19 16:58:41,416 - __main__ - INFO - 
2026-02-19 16:58:41,418 - __main__ - INFO - Mensaje recibido - Job ID: 8
2026-02-19 16:58:41,419 - __main__ - WARNING - Recuperando job abandonado: 8
2026-02-19 16:58:41,420 - services.lock_service - INFO - Lock adquirido para job: 8
2026-02-19 16:58:41,421 - services.lock_service - INFO - Estado actualizado para job 8: processing
2026-02-19 16:58:41,421 - services.lock_service - INFO - Heartbeat iniciado para job: 8
2026-02-19 16:58:41,421 - services.processor_service - INFO - Iniciando procesamiento de job: 8
2026-02-19 16:58:41,421 - services.processor_service - INFO - Video path: E:\uploads\videos\b38d7877-ad70-4b46-910d-c55c80e57ddb_El-caso-de-Jeffrey-Epstein-explicado.mp4
2026-02-19 16:58:41,421 - services.processor_service - INFO -    - With Scene detector: True
2026-02-19 16:58:41,421 - services.processor_service - INFO -    - Seguir cara: False
2026-02-19 16:58:41,421 - services.processor_service - INFO -    - Duración escena mín: 90s
2026-02-19 16:58:41,421 - services.processor_service - INFO -    - Duración escena máx: 120s
2026-02-19 16:58:41,421 - services.processor_service - INFO -    - Número de segmentos: 1
2026-02-19 16:58:41,421 - services.video_converter - INFO - VIDEO_CONVERTER_START
2026-02-19 16:58:41,422 - services.video_converter - INFO - Instructions: {'with_scene_detector': True, 'is_follow_face': False, 'min_scene_duration': 90, 'max_scene_duration': 120, 'number_of_segments': 1, 'vector_times': ''}
2026-02-19 16:58:41,828 - services.video_converter - INFO - Video metadata | duration=559.62 width=1920 height=1080 codec=h264
2026-02-19 16:58:41,828 - services.video_converter - INFO - Output directory: E:\uploads\videos\b38d7877-ad70-4b46-910d-c55c80e57ddb_El-caso-de-Jeffrey-Epstein-explicado_result
2026-02-19 16:58:41,828 - services.video_converter - INFO - Segmentation strategy: SCENE_DETECTION
2026-02-19 16:58:41,849 - pyscenedetect - INFO - Detecting scenes...
2026-02-19 16:59:38,736 - services.video_converter - INFO - Total segments generated: 7
2026-02-19 16:59:38,768 - services.video_converter - INFO - Encoder initialized once for all segments
2026-02-19 16:59:38,768 - services.video_converter - INFO - Selected encoder: h264_nvenc
2026-02-19 16:59:38,768 - services.video_converter - INFO - Encoder flags: ['-preset', 'p4', '-cq', '21', '-rc', 'vbr']
2026-02-19 16:59:38,768 - services.video_converter - INFO - Processing segment 1 | start=0.00 end=51.67 length=51.67
2026-02-19 16:59:53,298 - services.video_converter - INFO - Segment created: E:\uploads\videos\b38d7877-ad70-4b46-910d-c55c80e57ddb_El-caso-de-Jeffrey-Epstein-explicado_result\segment_1.mp4
2026-02-19 16:59:53,298 - services.video_converter - INFO - Processing segment 2 | start=91.70 end=173.86 length=82.16
2026-02-19 17:00:15,706 - services.video_converter - INFO - Segment created: E:\uploads\videos\b38d7877-ad70-4b46-910d-c55c80e57ddb_El-caso-de-Jeffrey-Epstein-explicado_result\segment_2.mp4
2026-02-19 17:00:15,706 - services.video_converter - INFO - Processing segment 3 | start=203.09 end=232.06 length=28.97
2026-02-19 17:00:23,880 - services.video_converter - INFO - Segment created: E:\uploads\videos\b38d7877-ad70-4b46-910d-c55c80e57ddb_El-caso-de-Jeffrey-Epstein-explicado_result\segment_3.mp4
2026-02-19 17:00:23,880 - services.video_converter - INFO - Processing segment 4 | start=292.88 end=345.85 length=52.97
2026-02-19 17:00:38,514 - services.video_converter - INFO - Segment created: E:\uploads\videos\b38d7877-ad70-4b46-910d-c55c80e57ddb_El-caso-de-Jeffrey-Epstein-explicado_result\segment_4.mp4
2026-02-19 17:00:38,514 - services.video_converter - INFO - Processing segment 5 | start=364.87 end=456.10 length=91.23
2026-02-19 17:01:03,387 - services.video_converter - INFO - Segment created: E:\uploads\videos\b38d7877-ad70-4b46-910d-c55c80e57ddb_El-caso-de-Jeffrey-Epstein-explicado_result\segment_5.mp4
2026-02-19 17:01:03,387 - services.video_converter - INFO - Processing segment 6 | start=464.63 end=533.41 length=68.78
2026-02-19 17:01:22,369 - services.video_converter - INFO - Segment created: E:\uploads\videos\b38d7877-ad70-4b46-910d-c55c80e57ddb_El-caso-de-Jeffrey-Epstein-explicado_result\segment_6.mp4
2026-02-19 17:01:22,369 - services.video_converter - INFO - Processing segment 7 | start=548.83 end=559.57 length=10.73
2026-02-19 17:01:25,645 - services.video_converter - INFO - Segment created: E:\uploads\videos\b38d7877-ad70-4b46-910d-c55c80e57ddb_El-caso-de-Jeffrey-Epstein-explicado_result\segment_7.mp4
2026-02-19 17:01:25,645 - services.video_converter - INFO - VIDEO_CONVERTER_COMPLETE | files=7
2026-02-19 17:01:25,645 - services.processor_service - INFO - Procesamiento completado en 164.22s
2026-02-19 17:01:25,645 - services.processor_service - INFO - Videos generados: 7
2026-02-19 17:01:25,648 - services.lock_service - INFO - Estado actualizado para job 8: done
2026-02-19 17:01:25,649 - __main__ - INFO - Resultado publicado para job 8: done
2026-02-19 17:01:25,651 - services.lock_service - INFO - Lock liberado para job: 8
2026-02-19 17:01:25,653 - __main__ - INFO - Mensaje procesado, confirmado y eliminado del stream: 1771541851657-0
2026-02-19 17:01:25,653 - __main__ - INFO - ♻️ Reclamados 1 job(s) abandonado(s)
2026-02-19 17:16:34,735 - services.redis_service - ERROR - Error leyendo stream: VideoWorker.signal_handler() takes 2 positional arguments but 3 were given
2026-02-19 17:18:05,189 - services.redis_service - INFO - Conectado a Redis en localhost:6379
2026-02-19 17:18:05,190 - __main__ - INFO - Worker inicializado: worker-b0979e
2026-02-19 17:18:05,190 - __main__ - INFO - Configurando Redis Streams...
2026-02-19 17:18:05,190 - services.redis_service - INFO - Grupo 'python-workers' ya existe para stream 'video-jobs'
2026-02-19 17:18:05,190 - __main__ - INFO - Configuración completada
2026-02-19 17:18:05,190 - __main__ - INFO - 👷 worker-b0979e esperando trabajos...
2026-02-19 17:18:05,191 - __main__ - INFO - 📡 Stream: video-jobs
2026-02-19 17:18:05,191 - __main__ - INFO - 👥 Grupo: python-workers
2026-02-19 17:18:05,191 - __main__ - INFO - 
2026-02-19 17:18:12,373 - __main__ - INFO - Mensaje recibido - Job ID: 9
2026-02-19 17:18:12,375 - services.lock_service - INFO - Lock adquirido para job: 9
2026-02-19 17:18:12,376 - services.lock_service - INFO - Estado actualizado para job 9: processing
2026-02-19 17:18:12,376 - services.lock_service - INFO - Heartbeat iniciado para job: 9
2026-02-19 17:18:12,377 - services.processor_service - INFO - Iniciando procesamiento de job: 9
2026-02-19 17:18:12,377 - services.processor_service - INFO - Video path: E:\uploads\videos\0759f7be-653d-4313-99d8-77abf9b3e463_El-caso-de-Jeffrey-Epstein-explicado.mp4
2026-02-19 17:18:12,377 - services.processor_service - INFO -    - With Scene detector: True
2026-02-19 17:18:12,377 - services.processor_service - INFO -    - Seguir cara: False
2026-02-19 17:18:12,377 - services.processor_service - INFO -    - Duración escena mín: 90s
2026-02-19 17:18:12,377 - services.processor_service - INFO -    - Duración escena máx: 120s
2026-02-19 17:18:12,377 - services.processor_service - INFO -    - Número de segmentos: 1
2026-02-19 17:18:12,377 - services.video_converter - INFO - VIDEO_CONVERTER_START
2026-02-19 17:18:12,377 - services.video_converter - INFO - Instructions: {'with_scene_detector': True, 'is_follow_face': False, 'min_scene_duration': 90, 'max_scene_duration': 120, 'number_of_segments': 1, 'vector_times': ''}
2026-02-19 17:18:12,438 - services.video_converter - INFO - Video metadata | duration=559.62 width=1920 height=1080 codec=h264
2026-02-19 17:18:12,439 - services.video_converter - INFO - Output directory: E:\uploads\videos\0759f7be-653d-4313-99d8-77abf9b3e463_El-caso-de-Jeffrey-Epstein-explicado_result
2026-02-19 17:18:12,439 - services.video_converter - INFO - Segmentation strategy: SCENE_DETECTION
2026-02-19 17:18:12,458 - pyscenedetect - INFO - Detecting scenes...
2026-02-19 17:19:10,062 - services.video_converter - INFO - Segments after detect_scenes():
2026-02-19 17:19:10,062 - services.video_converter - INFO -   Segment 1 | start=0.00 end=91.47 length=91.47
2026-02-19 17:19:10,062 - services.video_converter - INFO -   Segment 2 | start=91.47 end=181.50 length=90.03
2026-02-19 17:19:10,062 - services.video_converter - INFO -   Segment 3 | start=181.50 end=272.63 length=91.13
2026-02-19 17:19:10,062 - services.video_converter - INFO -   Segment 4 | start=272.63 end=364.87 length=92.23
2026-02-19 17:19:10,063 - services.video_converter - INFO -   Segment 5 | start=364.87 end=456.10 length=91.23
2026-02-19 17:19:10,063 - services.video_converter - INFO -   Segment 6 | start=456.10 end=548.83 length=92.73
2026-02-19 17:19:10,063 - services.video_converter - INFO -   Segment 7 | start=548.83 end=559.57 length=10.73
2026-02-19 17:19:10,063 - services.video_converter - INFO - Total segments: 7
2026-02-19 17:19:10,063 - services.video_converter - INFO - Total accumulated duration: 559.57s
2026-02-19 17:19:10,672 - services.video_converter - INFO - Total segments generated: 7
2026-02-19 17:19:10,705 - services.video_converter - INFO - Encoder initialized once for all segments
2026-02-19 17:19:10,705 - services.video_converter - INFO - Selected encoder: h264_nvenc
2026-02-19 17:19:10,705 - services.video_converter - INFO - Encoder flags: ['-preset', 'p4', '-cq', '21', '-rc', 'vbr']
2026-02-19 17:19:10,705 - services.video_converter - INFO - Processing segment 1 | start=0.00 end=51.67 length=51.67
2026-02-19 17:19:25,406 - services.video_converter - INFO - Segment created: E:\uploads\videos\0759f7be-653d-4313-99d8-77abf9b3e463_El-caso-de-Jeffrey-Epstein-explicado_result\segment_1.mp4
2026-02-19 17:19:25,406 - services.video_converter - INFO - Processing segment 2 | start=91.70 end=173.86 length=82.16
2026-02-19 17:19:49,673 - services.video_converter - INFO - Segment created: E:\uploads\videos\0759f7be-653d-4313-99d8-77abf9b3e463_El-caso-de-Jeffrey-Epstein-explicado_result\segment_2.mp4
2026-02-19 17:19:49,673 - services.video_converter - INFO - Processing segment 3 | start=203.09 end=232.06 length=28.97
2026-02-19 17:19:58,486 - services.video_converter - INFO - Segment created: E:\uploads\videos\0759f7be-653d-4313-99d8-77abf9b3e463_El-caso-de-Jeffrey-Epstein-explicado_result\segment_3.mp4
2026-02-19 17:19:58,486 - services.video_converter - INFO - Processing segment 4 | start=292.88 end=345.85 length=52.97
2026-02-19 17:20:14,067 - services.video_converter - INFO - Segment created: E:\uploads\videos\0759f7be-653d-4313-99d8-77abf9b3e463_El-caso-de-Jeffrey-Epstein-explicado_result\segment_4.mp4
2026-02-19 17:20:14,067 - services.video_converter - INFO - Processing segment 5 | start=364.87 end=456.10 length=91.23
2026-02-19 17:20:40,662 - services.video_converter - INFO - Segment created: E:\uploads\videos\0759f7be-653d-4313-99d8-77abf9b3e463_El-caso-de-Jeffrey-Epstein-explicado_result\segment_5.mp4
2026-02-19 17:20:40,662 - services.video_converter - INFO - Processing segment 6 | start=464.63 end=533.41 length=68.78
2026-02-19 17:21:01,011 - services.video_converter - INFO - Segment created: E:\uploads\videos\0759f7be-653d-4313-99d8-77abf9b3e463_El-caso-de-Jeffrey-Epstein-explicado_result\segment_6.mp4
2026-02-19 17:21:01,011 - services.video_converter - INFO - Processing segment 7 | start=548.83 end=559.57 length=10.73
2026-02-19 17:21:04,350 - services.video_converter - INFO - Segment created: E:\uploads\videos\0759f7be-653d-4313-99d8-77abf9b3e463_El-caso-de-Jeffrey-Epstein-explicado_result\segment_7.mp4
2026-02-19 17:21:04,350 - services.video_converter - INFO - VIDEO_CONVERTER_COMPLETE | files=7
2026-02-19 17:21:04,350 - services.processor_service - INFO - Procesamiento completado en 171.97s
2026-02-19 17:21:04,350 - services.processor_service - INFO - Videos generados: 7
2026-02-19 17:21:04,352 - services.lock_service - INFO - Estado actualizado para job 9: done
2026-02-19 17:21:04,353 - __main__ - INFO - Resultado publicado para job 9: done
2026-02-19 17:21:04,355 - services.lock_service - INFO - Lock liberado para job: 9
2026-02-19 17:21:04,356 - __main__ - INFO - Mensaje procesado, confirmado y eliminado del stream: 1771543092371-0
2026-02-19 17:40:34,682 - services.redis_service - ERROR - Error leyendo stream: VideoWorker.signal_handler() takes 2 positional arguments but 3 were given
2026-02-19 17:41:52,353 - services.redis_service - INFO - Conectado a Redis en localhost:6379
2026-02-19 17:41:52,354 - __main__ - INFO - Worker inicializado: worker-e280e3
2026-02-19 17:41:52,354 - __main__ - INFO - Configurando Redis Streams...
2026-02-19 17:41:52,354 - services.redis_service - INFO - Grupo 'python-workers' ya existe para stream 'video-jobs'
2026-02-19 17:41:52,354 - __main__ - INFO - Configuración completada
2026-02-19 17:41:52,355 - __main__ - INFO - 👷 worker-e280e3 esperando trabajos...
2026-02-19 17:41:52,355 - __main__ - INFO - 📡 Stream: video-jobs
2026-02-19 17:41:52,355 - __main__ - INFO - 👥 Grupo: python-workers
2026-02-19 17:41:52,355 - __main__ - INFO - 
2026-02-19 17:42:02,779 - __main__ - INFO - Mensaje recibido - Job ID: 10
2026-02-19 17:42:02,781 - services.lock_service - INFO - Lock adquirido para job: 10
2026-02-19 17:42:02,782 - services.lock_service - INFO - Estado actualizado para job 10: processing
2026-02-19 17:42:02,782 - services.lock_service - INFO - Heartbeat iniciado para job: 10
2026-02-19 17:42:02,782 - services.processor_service - INFO - Iniciando procesamiento de job: 10
2026-02-19 17:42:02,782 - services.processor_service - INFO - Video path: E:\uploads\videos\d70aa5bc-1d69-44f0-8c52-108b8cb118c8_El-caso-de-Jeffrey-Epstein-explicado.mp4
2026-02-19 17:42:02,782 - services.processor_service - INFO -    - With Scene detector: True
2026-02-19 17:42:02,782 - services.processor_service - INFO -    - Seguir cara: False
2026-02-19 17:42:02,783 - services.processor_service - INFO -    - Duración escena mín: 90s
2026-02-19 17:42:02,783 - services.processor_service - INFO -    - Duración escena máx: 120s
2026-02-19 17:42:02,783 - services.processor_service - INFO -    - Número de segmentos: 1
2026-02-19 17:42:02,783 - services.video_converter - INFO - VIDEO_CONVERTER_START
2026-02-19 17:42:02,783 - services.video_converter - INFO - Instructions: {'with_scene_detector': True, 'is_follow_face': False, 'min_scene_duration': 90, 'max_scene_duration': 120, 'number_of_segments': 1, 'vector_times': ''}
2026-02-19 17:42:02,843 - services.video_converter - INFO - Video metadata | duration=559.62 width=1920 height=1080 codec=h264
2026-02-19 17:42:02,844 - services.video_converter - INFO - Output directory: E:\uploads\videos\d70aa5bc-1d69-44f0-8c52-108b8cb118c8_El-caso-de-Jeffrey-Epstein-explicado_result
2026-02-19 17:42:02,844 - services.video_converter - INFO - Segmentation strategy: SCENE_DETECTION
2026-02-19 17:42:02,864 - pyscenedetect - INFO - Detecting scenes...
2026-02-19 17:43:05,698 - services.video_converter - INFO - Segments after detect_scenes():
2026-02-19 17:43:05,698 - services.video_converter - INFO -   Segment 1 | start=0.00 end=91.47 length=91.47
2026-02-19 17:43:05,698 - services.video_converter - INFO -   Segment 2 | start=91.47 end=181.50 length=90.03
2026-02-19 17:43:05,698 - services.video_converter - INFO -   Segment 3 | start=181.50 end=272.63 length=91.13
2026-02-19 17:43:05,698 - services.video_converter - INFO -   Segment 4 | start=272.63 end=364.87 length=92.23
2026-02-19 17:43:05,698 - services.video_converter - INFO -   Segment 5 | start=364.87 end=456.10 length=91.23
2026-02-19 17:43:05,698 - services.video_converter - INFO -   Segment 6 | start=456.10 end=548.83 length=92.73
2026-02-19 17:43:05,698 - services.video_converter - INFO -   Segment 7 | start=548.83 end=559.57 length=10.73
2026-02-19 17:43:05,698 - services.video_converter - INFO - Total segments: 7
2026-02-19 17:43:05,698 - services.video_converter - INFO - Total accumulated duration: 559.57s
2026-02-19 17:43:06,291 - services.video_converter - INFO - Total segments generated: 7
2026-02-19 17:43:06,322 - services.video_converter - INFO - Encoder initialized once for all segments
2026-02-19 17:43:06,322 - services.video_converter - INFO - Selected encoder: h264_nvenc
2026-02-19 17:43:06,322 - services.video_converter - INFO - Encoder flags: ['-preset', 'p4', '-cq', '21', '-rc', 'vbr']
2026-02-19 17:43:06,322 - services.video_converter - INFO - Processing segment 1 | start=0.00 end=91.56 length=91.56
2026-02-19 17:43:31,567 - services.video_converter - INFO - Segment created: E:\uploads\videos\d70aa5bc-1d69-44f0-8c52-108b8cb118c8_El-caso-de-Jeffrey-Epstein-explicado_result\segment_1.mp4
2026-02-19 17:43:31,567 - services.video_converter - INFO - Processing segment 2 | start=91.56 end=181.50 length=89.94
2026-02-19 17:43:56,471 - services.video_converter - INFO - Segment created: E:\uploads\videos\d70aa5bc-1d69-44f0-8c52-108b8cb118c8_El-caso-de-Jeffrey-Epstein-explicado_result\segment_2.mp4
2026-02-19 17:43:56,471 - services.video_converter - INFO - Processing segment 3 | start=181.50 end=272.63 length=91.13
2026-02-19 17:44:21,866 - services.video_converter - INFO - Segment created: E:\uploads\videos\d70aa5bc-1d69-44f0-8c52-108b8cb118c8_El-caso-de-Jeffrey-Epstein-explicado_result\segment_3.mp4
2026-02-19 17:44:21,867 - services.video_converter - INFO - Processing segment 4 | start=272.63 end=364.87 length=92.23
2026-02-19 17:44:48,115 - services.video_converter - INFO - Segment created: E:\uploads\videos\d70aa5bc-1d69-44f0-8c52-108b8cb118c8_El-caso-de-Jeffrey-Epstein-explicado_result\segment_4.mp4
2026-02-19 17:44:48,115 - services.video_converter - INFO - Processing segment 5 | start=364.87 end=456.10 length=91.23
2026-02-19 17:45:14,868 - services.video_converter - INFO - Segment created: E:\uploads\videos\d70aa5bc-1d69-44f0-8c52-108b8cb118c8_El-caso-de-Jeffrey-Epstein-explicado_result\segment_5.mp4
2026-02-19 17:45:14,868 - services.video_converter - INFO - Processing segment 6 | start=456.10 end=548.83 length=92.73
2026-02-19 17:45:42,211 - services.video_converter - INFO - Segment created: E:\uploads\videos\d70aa5bc-1d69-44f0-8c52-108b8cb118c8_El-caso-de-Jeffrey-Epstein-explicado_result\segment_6.mp4
2026-02-19 17:45:42,211 - services.video_converter - INFO - Processing segment 7 | start=548.83 end=559.57 length=10.73
2026-02-19 17:45:45,595 - services.video_converter - INFO - Segment created: E:\uploads\videos\d70aa5bc-1d69-44f0-8c52-108b8cb118c8_El-caso-de-Jeffrey-Epstein-explicado_result\segment_7.mp4
2026-02-19 17:45:45,595 - services.video_converter - INFO - VIDEO_CONVERTER_COMPLETE | files=7
2026-02-19 17:45:45,595 - services.processor_service - INFO - Procesamiento completado en 222.81s
2026-02-19 17:45:45,595 - services.processor_service - INFO - Videos generados: 7
2026-02-19 17:45:45,597 - services.lock_service - INFO - Estado actualizado para job 10: done
2026-02-19 17:45:45,598 - __main__ - INFO - Resultado publicado para job 10: done
2026-02-19 17:45:45,600 - services.lock_service - INFO - Lock liberado para job: 10
2026-02-19 17:45:45,601 - __main__ - INFO - Mensaje procesado, confirmado y eliminado del stream: 1771544522778-0
2026-02-19 17:46:58,670 - __main__ - INFO - Mensaje recibido - Job ID: 11
2026-02-19 17:46:58,671 - services.lock_service - INFO - Lock adquirido para job: 11
2026-02-19 17:46:58,672 - services.lock_service - INFO - Estado actualizado para job 11: processing
2026-02-19 17:46:58,672 - services.lock_service - INFO - Heartbeat iniciado para job: 11
2026-02-19 17:46:58,672 - services.processor_service - INFO - Iniciando procesamiento de job: 11
2026-02-19 17:46:58,673 - services.processor_service - INFO - Video path: E:\uploads\videos\2b09f012-aa71-45d5-a1f6-968ee27b444d_El-caso-de-Jeffrey-Epstein-explicado.mp4
2026-02-19 17:46:58,673 - services.processor_service - INFO -    - With Scene detector: False
2026-02-19 17:46:58,673 - services.processor_service - INFO -    - Seguir cara: False
2026-02-19 17:46:58,673 - services.processor_service - INFO -    - Duración escena mín: 80s
2026-02-19 17:46:58,673 - services.processor_service - INFO -    - Duración escena máx: 150s
2026-02-19 17:46:58,673 - services.processor_service - INFO -    - Número de segmentos: 1
2026-02-19 17:46:58,673 - services.video_converter - INFO - VIDEO_CONVERTER_START
2026-02-19 17:46:58,673 - services.video_converter - INFO - Instructions: {'with_scene_detector': False, 'is_follow_face': False, 'min_scene_duration': 80, 'max_scene_duration': 150, 'number_of_segments': 1, 'vector_times': ''}
2026-02-19 17:46:58,731 - services.video_converter - INFO - Video metadata | duration=559.62 width=1920 height=1080 codec=h264
2026-02-19 17:46:58,731 - services.video_converter - INFO - Output directory: E:\uploads\videos\2b09f012-aa71-45d5-a1f6-968ee27b444d_El-caso-de-Jeffrey-Epstein-explicado_result
2026-02-19 17:46:58,731 - services.video_converter - INFO - Segmentation strategy: TIME_BASED
2026-02-19 17:46:59,359 - services.video_converter - INFO - Total segments generated: 1
2026-02-19 17:46:59,359 - services.video_converter - INFO - Encoder initialized once for all segments
2026-02-19 17:46:59,359 - services.video_converter - INFO - Selected encoder: h264_nvenc
2026-02-19 17:46:59,359 - services.video_converter - INFO - Encoder flags: ['-preset', 'p4', '-cq', '21', '-rc', 'vbr']
2026-02-19 17:46:59,360 - services.video_converter - INFO - Processing segment 1 | start=0.00 end=559.62 length=559.62
2026-02-19 17:49:44,934 - services.video_converter - INFO - Segment created: E:\uploads\videos\2b09f012-aa71-45d5-a1f6-968ee27b444d_El-caso-de-Jeffrey-Epstein-explicado_result\segment_1.mp4
2026-02-19 17:49:44,934 - services.video_converter - INFO - VIDEO_CONVERTER_COMPLETE | files=1
2026-02-19 17:49:44,934 - services.processor_service - INFO - Procesamiento completado en 166.26s
2026-02-19 17:49:44,934 - services.processor_service - INFO - Videos generados: 1
2026-02-19 17:49:44,936 - services.lock_service - INFO - Estado actualizado para job 11: done
2026-02-19 17:49:44,937 - __main__ - INFO - Resultado publicado para job 11: done
2026-02-19 17:49:44,939 - services.lock_service - INFO - Lock liberado para job: 11
2026-02-19 17:49:44,941 - __main__ - INFO - Mensaje procesado, confirmado y eliminado del stream: 1771544818669-0
2026-02-19 17:52:15,650 - services.redis_service - ERROR - Error leyendo stream: VideoWorker.signal_handler() takes 2 positional arguments but 3 were given
